▸ Q2050: 74 segments, 1569 chars total
  Engine: Voai.ai  ver=Neo  spk=佑希  style=聊天
  Out:    /Users/matt/labs/dynamic-deck/demos/李國憲/audio

  [002] 如果明天一覺醒來，我們已經到了二零五零年。                                ✓ 50 KB
  [003] 你想像中的那個世界，會是什麼樣子？                                    ✓ 37 KB
  [004] 這是《二零五零自主智慧時代》問的第一個問題。                               ✓ 51 KB
  [005] 李國憲博士在序章裡，提醒我們一件事。                                   ✓ 39 KB
  [006] 未來，不是預測出來的。                                          ✓ 29 KB
  [007] 它是從今天開始，一次一次選擇、一點一點累積出來的。                            ✓ 60 KB
  [008] 整本書的骨幹，是一條乘法公式。                                      ✓ 43 KB
  [009] 人工智慧，負責能力。它提供生成、推理、代理與執行力。                           ✓ 81 KB
  [010] 數據，負責記憶。它保存經驗，也保存決策的脈絡。                              ✓ 69 KB
  [011] E S G，負責邊界。它畫出環境、社會與治理的那條線。                          ✓ 72 KB
  [012] 而人，負責方向。決定什麼有意義，也承擔最後的責任。                            ✓ 72 KB
  [013] 請特別注意，它們之間是乘號，不是加號。                                  ✓ 48 KB
  [014] 加法可以互相彌補，強的補弱的，總分還是好看。                               ✓ 58 KB
  [015] 乘法不行。只要任何一項歸零，整個結果就是零。                               ✓ 69 KB
  [016] 那麼，人工智慧現在走到哪裡了？                                      ✓ 43 KB
  [017] 一開始，它是工具。你按下按鈕，它才動作。                                 ✓ 64 KB
  [018] 接著，它成為助手。你開口說一句話，它幫你完成。                              ✓ 65 KB
  [019] 再來，它是代理人。你給一個目標，它自己拆解、自己行動。                          ✓ 65 KB
  [020] 最後是自主智慧。在你授權的範圍內，它持續地運作下去。                           ✓ 68 KB
  [021] 介面也跟著改變，從按鈕操作，走向直接表達意圖。                              ✓ 64 KB
  [022] 這裡有一句話，值得你記住。                                        ✓ 30 KB
  [023] 生成式人工智慧，生成的是內容；自主智慧，生成的是行動。                          ✓ 77 KB
  [024] 當它開始行動，風險的形狀也跟著改變。                                   ✓ 52 KB
  [025] 我們最常擔心的，是人工智慧會不會出錯。                                  ✓ 48 KB
  [026] 但書裡說，最危險的，是它精準地達成了一個錯誤的目標。                           ✓ 65 KB
  [027] 系統沒有故障，指標全部達成，報表漂亮得不得了。                              ✓ 60 KB
  [028] 錯的是一開始那個目標，而一路上沒有人回頭檢查。                              ✓ 63 KB
  [029] 所以書裡提醒，排序是一種權力，演算法也是一種權力。                            ✓ 63 KB
  [030] 重要的決策，必須留下人類的控制點，還有清楚的責任鏈。                           ✓ 65 KB
  [031] 那麼，撐起這一切的燃料是什麼？                                      ✓ 40 KB
  [032] 很多人說，數據是新的石油。這本書不同意。                                 ✓ 56 KB
  [033] 石油用完就沒了，數據卻是越用越多，會轉成一個智慧飛輪。                          ✓ 76 KB
  [034] 真正值錢的不是海量資料，而是保存了決策脈絡的組織記憶。                          ✓ 74 KB
  [035] 於是，企業的資產表也要跟著重寫。                                     ✓ 46 KB
  [036] 數據、模型、代理人、算力與信任，都是可以複利的智慧資產。                         ✓ 79 KB
  [037] 但它們也可能變成智慧負債，所以兩邊要同步管理。                              ✓ 57 KB
  [038] 說到邊界，書裡談了一件很容易被忽略的事。                                 ✓ 48 KB
  [039] 每一次推理、每一個代理人，背後都有真實的物理與能源成本。                         ✓ 73 KB
  [040] 所以效率不再是唯一的答案，永續治理要為效率畫出那條線。                          ✓ 72 KB
  [041] 不過，作者沒有把永續停在成本這一面。                                   ✓ 46 KB
  [042] 第一條路是產品即服務，賣的是使用，不是所有權。                              ✓ 60 KB
  [043] 第二條是預測維修，在故障真的發生之前就先處理掉。                             ✓ 77 KB
  [044] 第三條是再製造，讓用過的零件重新回到產線上。                               ✓ 73 KB
  [045] 獲利與永續站在同一邊，成長越多，解決的問題也越多。                            ✓ 66 KB
  [046] 那，人工智慧真的會搶走工作嗎？                                      ✓ 45 KB
  [047] 書裡的答案是：它取代的是任務，不是一整個職業。                              ✓ 57 KB
  [048] 當技能與答案被商品化，提問能力與判斷力反而更昂貴。                            ✓ 75 KB
  [049] 而企業的規模，也開始和員工人數脫鉤。                                   ✓ 48 KB
  [050] 一個人只要能調度人工智慧，就可能成為所謂的超級個體。                           ✓ 66 KB
  [051] 講到這裡，你可能會想到主權這兩個字。                                   ✓ 41 KB
  [052] 人工智慧主權、數據主權、智慧主權。                                    ✓ 51 KB
  [053] 但主權的核心，不是把所有東西都關起來、全部自己做。                            ✓ 2 KB
  [054] 而是在關鍵時刻，你還保有選擇權、備援方案，與最終的決策力。                        ✓ 78 KB
  [055] 那如果有一天，機器真的比人聰明呢？                                    ✓ 44 KB
  [056] 書裡的回答，很溫柔，也很堅定。                                      ✓ 37 KB
  [057] 人的價值，本來就超越市場產值。人生不是一道最佳化的數學題。                        ✓ 86 KB
  [058] 脆弱、愛、有限性，還有回頭看自己的能力，才構成一個人。                          ✓ 63 KB
  [059] 所以，人最不可替代的能力，收在四個字裡。                                 ✓ 52 KB
  [060] 問。找出那個真正該被解決的問題。                                     ✓ 42 KB
  [061] 選。在許多個都可行的方案之中，排出價值的順序。                              ✓ 55 KB
  [062] 創。做出還沒有人做過的組合。                                       ✓ 37 KB
  [063] 責。為自己的選擇，也為自己的授權，承擔後果。                               ✓ 55 KB
  [064] 問、選、創、責。這就是全書的答案。                                    ✓ 47 KB
  [065] 李博士說，科技最後的目標，是把時間與選擇還給人。                             ✓ 70 KB
  [066] 讓機器去做機器擅長的事，                                         ✓ 34 KB
  [067] 讓人有空間，成為一個更好的人。                                      ✓ 41 KB
  [068] 《二零五零自主智慧時代》，李國憲博士著。                                 ✓ 51 KB
  [069] 全書二十一章，加上序章、後記，以及一份附錄。                               ✓ 57 KB
  [070] 從人工智慧、數據、E S G，一路談到人。                                ✓ 54 KB
  [071] 附錄提供了盤點這四個構面的實踐步驟，                                   ✓ 49 KB
  [072] 讓未來思考，變成今天就可以開始的具體行動。                                ✓ 59 KB
  [073] 不要成為被演算法替換的執行者。                                      ✓ 43 KB
  [074] 掌握「問、選、創、責」的核心架構，                                    ✓ 43 KB
  [075] 現在就入手《二零五零自主智慧時代》。                                   ✓ 47 KB

━━━ Done in 120.9s ━━━
  Generated: 74
  Skipped (exists): 0
  Failed: 0
  Total size: 4.08 MB
